{}
  _i(testKey, ...) : "测试 arg#1 arg#1 -- \"arg#2\" \\${3} \\${1}"