{}
  list : []
  map : {}
    i18n : "还有"
    i18n en_US : "  left."
    i18n zh_CN : "还有"