{}
  key not found : "Unresolved key : key-not-found"